MAP
  NAME           "Deforestation and Rainfall"
  SIZE 800 650
  EXTENT         -46.63 -15.44 -43.13 -10.18
  SHAPEPATH      "./obahia-site"
  
  CONFIG "MS_ERRORFILE" "stderr"

  DEBUG 5
  WEB
    METADATA
      "wms_title"           "Deforestation and Rainfall"
      "wms_enable_request" "GetCapabilities GetMap GetFeatureInfo"
      "wms_feature_info_mime_type" "text/html"
      "wms_include_items"  "all"
    END
  END
  PROJECTION
    "proj=longlat"
    "datum=WGS84"
    "no_defs"
  END
  LAYER
    NAME "dem"
    STATUS default
    TYPE raster
    DUMP true
    TOLERANCE 80
    DATA "dem.tif"
    PROCESSING "SCALE=400,1000"
    PROCESSING "SCALE_BUCKETS=40"

    CLASSITEM "[pixel]"
      CLASS
        EXPRESSION ([pixel] > 800 and [pixel] < 1000)
        STYLE
          OPACITY 100
          COLOR 255 146 0
        END
      END
      CLASS
        EXPRESSION ([pixel] > 600 and [pixel] < 800)
        STYLE
          OPACITY 100
          COLOR 255 0 0
        END
      END
      CLASS
        EXPRESSION ([pixel] > 400 and [pixel] < 600)
        STYLE
          OPACITY 100
          COLOR 255 255 0
        END
      END
    END
  END
END

