MAP
    NAME "Landuse"
    SIZE 450 650
    EXTENT -46.6330735347222216 -15.4471601311111115 -43.1301829158333305 -10.1812359355555557

    FONTSET "fonts/fonts.list"

    OUTPUTFORMAT
        NAME "png8"
        DRIVER AGG/PNG8
        MIMETYPE "image/png; mode=8bit"
        IMAGEMODE RGB
        EXTENSION "png"
    END

    WEB
        IMAGEPATH "/tmp/"
	    IMAGEURL "/tmp/"
        METADATA
            "wms_title" "landuse"
            "wms_feature_info_mime_type" "text/html"
            "wms_server_version"  "1.3.0"
            "wms_enable_request" "*"
            "ows_enable_request" "*"
            "wms_include_items" "all"
        END
    END

    PROJECTION
        "proj=longlat"
        "datum=WGS84"
        "no_defs"
    END

    LEGEND
        STATUS on
        KEYSIZE 20 12
        KEYSPACING 6 6 
        LABEL
            TYPE TRUETYPE
            FONT 'Roboto'
            SIZE 9
            COLOR 0 0 89
            OUTLINECOLOR 255 255 255
            ANTIALIAS true
        END
        TEMPLATE "templates/landuseLegend.html"
    END

    LAYER
        NAME "landuse"
        STATUS DEFAULT
        TYPE RASTER
        DUMP TRUE
        TOLERANCE 80
        TOLERANCEUNITS pixels

        TEMPLATE "templates/dataCoordinate.html"

        VALIDATION
	        "year" "[0-9]+"
        END

        DATA "../../geodb/landuse/region/landuse%year%.tif"

        INCLUDE "includes/style_landuse.map"
    END
END
